10
-8
5
-6
5
0
-1
0
16
-16
16.6
0
-1.17
-1.17
1
inf
0.142857
0.142857